{
  "all_source_match_counts": {
    "bzzoiro": 11,
    "odds_api_io": 119
  },
  "build_status": "ok",
  "counts": {
    "fixture_sources_seen": 2,
    "leagues_seen": 48,
    "matches_added": 120,
    "matches_after_core_merge": 120,
    "matches_after_top_cut": 120,
    "matches_next_12h": 33,
    "matches_next_12h_ready": 4,
    "matches_next_6h": 28,
    "matches_next_6h_ready": 4,
    "matches_raw_before_merge": 130,
    "matches_ready_for_model": 10,
    "matches_ready_for_publish": 0,
    "matches_total": 120,
    "matches_updated": 0,
    "matches_with_2plus_core_fixture_sources": 10,
    "matches_with_3_core_fixture_sources": 0,
    "matches_with_context": 11,
    "matches_with_form": 0,
    "matches_with_news": 0,
    "matches_with_odds": 119,
    "matches_with_weather": 0,
    "matches_with_xg": 11,
    "multi_source_fixture_matches": 10,
    "providers_seen": 2,
    "target_full": false,
    "target_matches": 300,
    "target_shortfall": 180
  },
  "created_at_utc": "2026-09-29T21:03:35.207260+00:00",
  "date_local": "2026-09-30",
  "inventory_policy": "merge-only top-300 core fixture inventory from odds-api.io, Bzzoiro, SStats and quota-governed SportLogic; deep detail endpoints remain runtime shortlist enrichment",
  "max_matches": 300,
  "mode": "core_fixture_discovery_top300",
  "providers": {
    "bzzoiro": {
      "api_key_present": true,
      "enabled": true,
      "endpoints": {
        "events_v2_rows": 87,
        "events_v2_status": 200,
        "predictions_page_1_status": 200
      },
      "events_fetched": 137,
      "matches_built": 11,
      "matches_for_target_date": 11,
      "requests": 2,
      "response_errors": 0
    },
    "odds_api_io": {
      "accounts": {
        "account1": {
          "daily_limit": 500,
          "day_used": 7,
          "hour_used": 7,
          "hourly_limit": 100
        }
      },
      "api_key_present": true,
      "auth_error": false,
      "budget_exhausted": false,
      "enabled": true,
      "event_http_statuses": [
        200,
        200,
        200,
        200,
        200,
        200,
        200,
        200
      ],
      "event_requests": 8,
      "events_fetched": 794,
      "low_tier_skipped": 260,
      "matches_built": 534,
      "matches_for_target_date": 119,
      "max_http_requests_per_run": 200,
      "payload_shapes": [
        "list"
      ],
      "plan_restriction": false,
      "rate_limited": false,
      "requests": 0,
      "response_errors": 0,
      "simulated_skipped": 6,
      "source": "runner_bootstrap",
      "stop_reason": ""
    },
    "sportlogic": {
      "api_key_present": true,
      "enabled": false,
      "matches_built": 0,
      "matches_for_target_date": 0,
      "requests": 0,
      "response_errors": 0,
      "source": "sportlogic_provider.fetch_matches"
    },
    "sstats": {
      "api_key_present": true,
      "enabled": true,
      "endpoint": "Games/list",
      "http_statuses": [
        200
      ],
      "matches_built": 0,
      "matches_for_target_date": 0,
      "requests": 1,
      "response_errors": 0,
      "rows_fetched": 188
    }
  },
  "saved_paths": {
    "current_path": ".data/day_inventory/current.json",
    "date_path": ".data/day_inventory/2026-09-30.json",
    "latest_path": ".data/day_inventory/latest.json",
    "summary_path": ".data/exports/latest-day-inventory-summary.json",
    "today_path": ".data/day_inventory/today.json"
  },
  "source_match_counts": {
    "bzzoiro": 1,
    "odds_api_io": 119
  },
  "target_full": false,
  "target_matches": 300,
  "target_shortfall": 180
}
